03:48:06 **** Incremental Build of configuration Debug for project DRONE_MAIN_CODE ****
make -j16 all 
arm-none-eabi-gcc "../Core/Src/NRF24_DRIVERS.c" -mcpu=cortex-m4 -std=gnu11 -g3 -DDEBUG -DUSE_HAL_DRIVER -DSTM32F411xE -c -I../Core/Inc -I../Drivers/STM32F4xx_HAL_Driver/Inc -I../Drivers/STM32F4xx_HAL_Driver/Inc/Legacy -I../Drivers/CMSIS/Device/ST/STM32F4xx/Include -I../Drivers/CMSIS/Include -O0 -ffunction-sections -fdata-sections -Wall -fstack-usage -fcyclomatic-complexity -MMD -MP -MF"Core/Src/NRF24_DRIVERS.d" -MT"Core/Src/NRF24_DRIVERS.o" --specs=nano.specs -mfpu=fpv4-sp-d16 -mfloat-abi=hard -mthumb -o "Core/Src/NRF24_DRIVERS.o"
arm-none-eabi-gcc "../Core/Src/main.c" -mcpu=cortex-m4 -std=gnu11 -g3 -DDEBUG -DUSE_HAL_DRIVER -DSTM32F411xE -c -I../Core/Inc -I../Drivers/STM32F4xx_HAL_Driver/Inc -I../Drivers/STM32F4xx_HAL_Driver/Inc/Legacy -I../Drivers/CMSIS/Device/ST/STM32F4xx/Include -I../Drivers/CMSIS/Include -O0 -ffunction-sections -fdata-sections -Wall -fstack-usage -fcyclomatic-complexity -MMD -MP -MF"Core/Src/main.d" -MT"Core/Src/main.o" --specs=nano.specs -mfpu=fpv4-sp-d16 -mfloat-abi=hard -mthumb -o "Core/Src/main.o"
../Core/Src/main.c: In function 'main':
../Core/Src/main.c:142:24: warning: unused variable 'ce_state' [-Wunused-variable]
  142 |          GPIO_PinState ce_state = HAL_GPIO_ReadPin(CE_GPIO_Port, CE_Pin);
      |                        ^~~~~~~~
../Core/Src/main.c:124:10: warning: unused variable 'time_str' [-Wunused-variable]
  124 |     char time_str[9];
      |          ^~~~~~~~
../Core/Src/main.c:123:14: warning: unused variable 'next_seconds' [-Wunused-variable]
  123 |     uint32_t next_seconds = 0;
      |              ^~~~~~~~~~~~
../Core/Src/main.c:122:14: warning: variable 'now_seconds' set but not used [-Wunused-but-set-variable]
  122 |     uint32_t now_seconds = 0;
      |              ^~~~~~~~~~~
arm-none-eabi-gcc -o "DRONE_MAIN_CODE.elf" @"objects.list"   -mcpu=cortex-m4 -T"C:\Users\haris\OneDrive\Desktop\DRONE PROJECT PCB\drone drivers\C code for drone pcb\DRONE_MAIN_CODE\DRONE_MAIN_CODE\STM32F411CEUX_FLASH.ld" --specs=nosys.specs -Wl,-Map="DRONE_MAIN_CODE.map" -Wl,--gc-sections -static --specs=nano.specs -mfpu=fpv4-sp-d16 -mfloat-abi=hard -mthumb -Wl,--start-group -lc -lm -Wl,--end-group
Finished building target: DRONE_MAIN_CODE.elf
 
arm-none-eabi-size  DRONE_MAIN_CODE.elf 
arm-none-eabi-objdump -h -S DRONE_MAIN_CODE.elf  > "DRONE_MAIN_CODE.list"
   text	   data	    bss	    dec	    hex	filename
  13012	     12	   1876	  14900	   3a34	DRONE_MAIN_CODE.elf
Finished building: default.size.stdout
 
Finished building: DRONE_MAIN_CODE.list
 
03:50:32 **** Incremental Build of configuration Debug for project DRONE_MAIN_CODE ****
make -j16 all 
arm-none-eabi-size  DRONE_MAIN_CODE.elf 
   text	   data	    bss	    dec	    hex	filename
  13012	     12	   1876	  14900	   3a34	DRONE_MAIN_CODE.elf
Finished building: default.size.stdout
 
04:14:14 **** Incremental Build of configuration Debug for project DRONE_MAIN_CODE ****
make -j16 all 
arm-none-eabi-gcc "../Core/Src/main.c" -mcpu=cortex-m4 -std=gnu11 -g3 -DDEBUG -DUSE_HAL_DRIVER -DSTM32F411xE -c -I../Core/Inc -I../Drivers/STM32F4xx_HAL_Driver/Inc -I../Drivers/STM32F4xx_HAL_Driver/Inc/Legacy -I../Drivers/CMSIS/Device/ST/STM32F4xx/Include -I../Drivers/CMSIS/Include -O0 -ffunction-sections -fdata-sections -Wall -fstack-usage -fcyclomatic-complexity -MMD -MP -MF"Core/Src/main.d" -MT"Core/Src/main.o" --specs=nano.specs -mfpu=fpv4-sp-d16 -mfloat-abi=hard -mthumb -o "Core/Src/main.o"
../Core/Src/main.c: In function 'main':
../Core/Src/main.c:124:10: warning: unused variable 'time_str' [-Wunused-variable]
  124 |     char time_str[9];
      |          ^~~~~~~~
../Core/Src/main.c:123:14: warning: unused variable 'next_seconds' [-Wunused-variable]
  123 |     uint32_t next_seconds = 0;
      |              ^~~~~~~~~~~~
../Core/Src/main.c:122:14: warning: variable 'now_seconds' set but not used [-Wunused-but-set-variable]
  122 |     uint32_t now_seconds = 0;
      |              ^~~~~~~~~~~
arm-none-eabi-gcc -o "DRONE_MAIN_CODE.elf" @"objects.list"   -mcpu=cortex-m4 -T"C:\Users\haris\OneDrive\Desktop\DRONE PROJECT PCB\drone drivers\C code for drone pcb\DRONE_MAIN_CODE\DRONE_MAIN_CODE\STM32F411CEUX_FLASH.ld" --specs=nosys.specs -Wl,-Map="DRONE_MAIN_CODE.map" -Wl,--gc-sections -static --specs=nano.specs -mfpu=fpv4-sp-d16 -mfloat-abi=hard -mthumb -Wl,--start-group -lc -lm -Wl,--end-group
Finished building target: DRONE_MAIN_CODE.elf
 
arm-none-eabi-size  DRONE_MAIN_CODE.elf 
arm-none-eabi-objdump -h -S DRONE_MAIN_CODE.elf  > "DRONE_MAIN_CODE.list"
   text	   data	    bss	    dec	    hex	filename
  12944	     12	   1876	  14832	   39f0	DRONE_MAIN_CODE.elf
Finished building: default.size.stdout
 
Finished building: DRONE_MAIN_CODE.list
 
