22:11:42 **** Incremental Build of configuration Debug for project DRONE_MAIN_CODE ****
make -j16 all 
arm-none-eabi-gcc "../Core/Src/main.c" -mcpu=cortex-m4 -std=gnu11 -g3 -DDEBUG -DUSE_HAL_DRIVER -DSTM32F411xE -c -I../Core/Inc -I../Drivers/STM32F4xx_HAL_Driver/Inc -I../Drivers/STM32F4xx_HAL_Driver/Inc/Legacy -I../Drivers/CMSIS/Device/ST/STM32F4xx/Include -I../Drivers/CMSIS/Include -O0 -ffunction-sections -fdata-sections -Wall -fstack-usage -fcyclomatic-complexity -MMD -MP -MF"Core/Src/main.d" -MT"Core/Src/main.o" --specs=nano.specs -mfpu=fpv4-sp-d16 -mfloat-abi=hard -mthumb -o "Core/Src/main.o"
../Core/Src/main.c: In function 'main':
../Core/Src/main.c:178:10: warning: implicit declaration of function 'sprintf' [-Wimplicit-function-declaration]
  178 |          sprintf(time_str, "%02lu:", count/20);
      |          ^~~~~~~
../Core/Src/main.c:25:1: note: include '<stdio.h>' or provide a declaration of 'sprintf'
   24 | #include "nrf24.h"
  +++ |+#include <stdio.h>
   25 | /* USER CODE END Includes */
../Core/Src/main.c:178:10: warning: incompatible implicit declaration of built-in function 'sprintf' [-Wbuiltin-declaration-mismatch]
  178 |          sprintf(time_str, "%02lu:", count/20);
      |          ^~~~~~~
../Core/Src/main.c:178:10: note: include '<stdio.h>' or provide a declaration of 'sprintf'
../Core/Src/main.c:181:26: warning: pointer targets in passing argument 1 of 'nRF24_start_sending' differ in signedness [-Wpointer-sign]
  181 |      nRF24_start_sending(time_str, 10);
      |                          ^~~~~~~~
      |                          |
      |                          char *
../Core/Src/main.c:62:35: note: expected 'uint8_t *' {aka 'unsigned char *'} but argument is of type 'char *'
   62 | void nRF24_start_sending(uint8_t *data, uint8_t length);
      |                          ~~~~~~~~~^~~~
../Core/Src/main.c:141:17: warning: unused variable 'next_seconds' [-Wunused-variable]
  141 |        uint32_t next_seconds = 0;
      |                 ^~~~~~~~~~~~
../Core/Src/main.c:140:17: warning: variable 'now_seconds' set but not used [-Wunused-but-set-variable]
  140 |        uint32_t now_seconds = 0;
      |                 ^~~~~~~~~~~
../Core/Src/main.c:125:12: warning: variable 'received_SPI_data' set but not used [-Wunused-but-set-variable]
  125 |    uint8_t received_SPI_data[12]= {0x00,0x00,0x00,0x00,0x00,0x00,0x00,0x00,0x00,0x00,0x00,0x00};
      |            ^~~~~~~~~~~~~~~~~
../Core/Src/main.c:178:34: warning: ':' directive writing 1 byte into a region of size between 0 and 7 [-Wformat-overflow=]
  178 |          sprintf(time_str, "%02lu:", count/20);
      |                                  ^
../Core/Src/main.c:178:10: note: 'sprintf' output between 4 and 11 bytes into a destination of size 9
  178 |          sprintf(time_str, "%02lu:", count/20);
      |          ^~~~~~~~~~~~~~~~~~~~~~~~~~~~~~~~~~~~~
arm-none-eabi-gcc -o "DRONE_MAIN_CODE.elf" @"objects.list"   -mcpu=cortex-m4 -T"C:\Users\haris\OneDrive\Desktop\DRONE PROJECT PCB\drone drivers\C code for drone pcb\DRONE_MAIN_CODE\DRONE_MAIN_CODE\STM32F411CEUX_FLASH.ld" --specs=nosys.specs -Wl,-Map="DRONE_MAIN_CODE.map" -Wl,--gc-sections -static --specs=nano.specs -mfpu=fpv4-sp-d16 -mfloat-abi=hard -mthumb -Wl,--start-group -lc -lm -Wl,--end-group
Finished building target: DRONE_MAIN_CODE.elf
 
arm-none-eabi-size  DRONE_MAIN_CODE.elf 
arm-none-eabi-objdump -h -S DRONE_MAIN_CODE.elf  > "DRONE_MAIN_CODE.list"
   text	   data	    bss	    dec	    hex	filename
  15332	     92	   2212	  17636	   44e4	DRONE_MAIN_CODE.elf
Finished building: default.size.stdout
 
Finished building: DRONE_MAIN_CODE.list
 
22:11:45 **** Incremental Build of configuration Debug for project DRONE_MAIN_CODE ****
make -j16 all 
arm-none-eabi-size  DRONE_MAIN_CODE.elf 
   text	   data	    bss	    dec	    hex	filename
  15332	     92	   2212	  17636	   44e4	DRONE_MAIN_CODE.elf
Finished building: default.size.stdout
 
22:12:49 **** Incremental Build of configuration Debug for project DRONE_MAIN_CODE ****
make -j16 all 
arm-none-eabi-gcc "../Core/Src/main.c" -mcpu=cortex-m4 -std=gnu11 -g3 -DDEBUG -DUSE_HAL_DRIVER -DSTM32F411xE -c -I../Core/Inc -I../Drivers/STM32F4xx_HAL_Driver/Inc -I../Drivers/STM32F4xx_HAL_Driver/Inc/Legacy -I../Drivers/CMSIS/Device/ST/STM32F4xx/Include -I../Drivers/CMSIS/Include -O0 -ffunction-sections -fdata-sections -Wall -fstack-usage -fcyclomatic-complexity -MMD -MP -MF"Core/Src/main.d" -MT"Core/Src/main.o" --specs=nano.specs -mfpu=fpv4-sp-d16 -mfloat-abi=hard -mthumb -o "Core/Src/main.o"
../Core/Src/main.c: In function 'main':
../Core/Src/main.c:178:10: warning: implicit declaration of function 'sprintf' [-Wimplicit-function-declaration]
  178 |          sprintf(time_str, "%02lu:", count/20);
      |          ^~~~~~~
../Core/Src/main.c:25:1: note: include '<stdio.h>' or provide a declaration of 'sprintf'
   24 | #include "nrf24.h"
  +++ |+#include <stdio.h>
   25 | /* USER CODE END Includes */
../Core/Src/main.c:178:10: warning: incompatible implicit declaration of built-in function 'sprintf' [-Wbuiltin-declaration-mismatch]
  178 |          sprintf(time_str, "%02lu:", count/20);
      |          ^~~~~~~
../Core/Src/main.c:178:10: note: include '<stdio.h>' or provide a declaration of 'sprintf'
../Core/Src/main.c:181:26: warning: pointer targets in passing argument 1 of 'nRF24_start_sending' differ in signedness [-Wpointer-sign]
  181 |      nRF24_start_sending(time_str, 10);
      |                          ^~~~~~~~
      |                          |
      |                          char *
../Core/Src/main.c:62:35: note: expected 'uint8_t *' {aka 'unsigned char *'} but argument is of type 'char *'
   62 | void nRF24_start_sending(uint8_t *data, uint8_t length);
      |                          ~~~~~~~~~^~~~
../Core/Src/main.c:141:17: warning: unused variable 'next_seconds' [-Wunused-variable]
  141 |        uint32_t next_seconds = 0;
      |                 ^~~~~~~~~~~~
../Core/Src/main.c:140:17: warning: variable 'now_seconds' set but not used [-Wunused-but-set-variable]
  140 |        uint32_t now_seconds = 0;
      |                 ^~~~~~~~~~~
../Core/Src/main.c:125:12: warning: variable 'received_SPI_data' set but not used [-Wunused-but-set-variable]
  125 |    uint8_t received_SPI_data[12]= {0x00,0x00,0x00,0x00,0x00,0x00,0x00,0x00,0x00,0x00,0x00,0x00};
      |            ^~~~~~~~~~~~~~~~~
../Core/Src/main.c:178:34: warning: ':' directive writing 1 byte into a region of size between 0 and 7 [-Wformat-overflow=]
  178 |          sprintf(time_str, "%02lu:", count/20);
      |                                  ^
../Core/Src/main.c:178:10: note: 'sprintf' output between 4 and 11 bytes into a destination of size 9
  178 |          sprintf(time_str, "%02lu:", count/20);
      |          ^~~~~~~~~~~~~~~~~~~~~~~~~~~~~~~~~~~~~
arm-none-eabi-gcc -o "DRONE_MAIN_CODE.elf" @"objects.list"   -mcpu=cortex-m4 -T"C:\Users\haris\OneDrive\Desktop\DRONE PROJECT PCB\drone drivers\C code for drone pcb\DRONE_MAIN_CODE\DRONE_MAIN_CODE\STM32F411CEUX_FLASH.ld" --specs=nosys.specs -Wl,-Map="DRONE_MAIN_CODE.map" -Wl,--gc-sections -static --specs=nano.specs -mfpu=fpv4-sp-d16 -mfloat-abi=hard -mthumb -Wl,--start-group -lc -lm -Wl,--end-group
Finished building target: DRONE_MAIN_CODE.elf
 
arm-none-eabi-size  DRONE_MAIN_CODE.elf 
arm-none-eabi-objdump -h -S DRONE_MAIN_CODE.elf  > "DRONE_MAIN_CODE.list"
   text	   data	    bss	    dec	    hex	filename
  15312	     92	   2212	  17616	   44d0	DRONE_MAIN_CODE.elf
Finished building: default.size.stdout
 
Finished building: DRONE_MAIN_CODE.list
 
22:19:54 **** Incremental Build of configuration Debug for project DRONE_MAIN_CODE ****
make -j16 all 
arm-none-eabi-gcc "../Core/Src/main.c" -mcpu=cortex-m4 -std=gnu11 -g3 -DDEBUG -DUSE_HAL_DRIVER -DSTM32F411xE -c -I../Core/Inc -I../Drivers/STM32F4xx_HAL_Driver/Inc -I../Drivers/STM32F4xx_HAL_Driver/Inc/Legacy -I../Drivers/CMSIS/Device/ST/STM32F4xx/Include -I../Drivers/CMSIS/Include -O0 -ffunction-sections -fdata-sections -Wall -fstack-usage -fcyclomatic-complexity -MMD -MP -MF"Core/Src/main.d" -MT"Core/Src/main.o" --specs=nano.specs -mfpu=fpv4-sp-d16 -mfloat-abi=hard -mthumb -o "Core/Src/main.o"
../Core/Src/main.c: In function 'main':
../Core/Src/main.c:178:10: warning: implicit declaration of function 'sprintf' [-Wimplicit-function-declaration]
  178 |          sprintf(time_str, "%02lu:", count/20000);
      |          ^~~~~~~
../Core/Src/main.c:25:1: note: include '<stdio.h>' or provide a declaration of 'sprintf'
   24 | #include "nrf24.h"
  +++ |+#include <stdio.h>
   25 | /* USER CODE END Includes */
../Core/Src/main.c:178:10: warning: incompatible implicit declaration of built-in function 'sprintf' [-Wbuiltin-declaration-mismatch]
  178 |          sprintf(time_str, "%02lu:", count/20000);
      |          ^~~~~~~
../Core/Src/main.c:178:10: note: include '<stdio.h>' or provide a declaration of 'sprintf'
../Core/Src/main.c:181:26: warning: pointer targets in passing argument 1 of 'nRF24_start_sending' differ in signedness [-Wpointer-sign]
  181 |      nRF24_start_sending(time_str, 10);
      |                          ^~~~~~~~
      |                          |
      |                          char *
../Core/Src/main.c:62:35: note: expected 'uint8_t *' {aka 'unsigned char *'} but argument is of type 'char *'
   62 | void nRF24_start_sending(uint8_t *data, uint8_t length);
      |                          ~~~~~~~~~^~~~
../Core/Src/main.c:141:17: warning: unused variable 'next_seconds' [-Wunused-variable]
  141 |        uint32_t next_seconds = 0;
      |                 ^~~~~~~~~~~~
../Core/Src/main.c:140:17: warning: variable 'now_seconds' set but not used [-Wunused-but-set-variable]
  140 |        uint32_t now_seconds = 0;
      |                 ^~~~~~~~~~~
../Core/Src/main.c:125:12: warning: variable 'received_SPI_data' set but not used [-Wunused-but-set-variable]
  125 |    uint8_t received_SPI_data[12]= {0x00,0x00,0x00,0x00,0x00,0x00,0x00,0x00,0x00,0x00,0x00,0x00};
      |            ^~~~~~~~~~~~~~~~~
arm-none-eabi-gcc -o "DRONE_MAIN_CODE.elf" @"objects.list"   -mcpu=cortex-m4 -T"C:\Users\haris\OneDrive\Desktop\DRONE PROJECT PCB\drone drivers\C code for drone pcb\DRONE_MAIN_CODE\DRONE_MAIN_CODE\STM32F411CEUX_FLASH.ld" --specs=nosys.specs -Wl,-Map="DRONE_MAIN_CODE.map" -Wl,--gc-sections -static --specs=nano.specs -mfpu=fpv4-sp-d16 -mfloat-abi=hard -mthumb -Wl,--start-group -lc -lm -Wl,--end-group
Finished building target: DRONE_MAIN_CODE.elf
 
arm-none-eabi-size  DRONE_MAIN_CODE.elf 
arm-none-eabi-objdump -h -S DRONE_MAIN_CODE.elf  > "DRONE_MAIN_CODE.list"
   text	   data	    bss	    dec	    hex	filename
  15312	     92	   2212	  17616	   44d0	DRONE_MAIN_CODE.elf
Finished building: default.size.stdout
 
Finished building: DRONE_MAIN_CODE.list
 
