../Core/Inc/support.h:31:20:nRF24_CSN_L	0	static
../Core/Inc/support.h:35:20:nRF24_CSN_H	0	static
../Core/Inc/support.h:40:23:nRF24_LL_RW	32	static
../Core/Src/nrf24.c:25:13:nRF24_WriteReg	16	static
../Core/Src/nrf24.c:48:13:nRF24_ReadMBReg	16	static
../Core/Src/nrf24.c:10:16:nRF24_ReadReg	8	static
../Core/Src/nrf24.c:107:9:nRF24_Check	24	static
../Core/Src/nrf24.c:127:6:nRF24_SetPowerMode	8	static
../Core/Src/nrf24.c:146:6:nRF24_SetOperationalMode	8	static
../Core/Src/nrf24.c:159:6:nRF24_SetDynamicPayloadLength	8	static
../Core/Src/nrf24.c:174:6:nRF24_SetPayloadWithAck	8	static
../Core/Src/nrf24.c:189:6:nRF24_SetCRCScheme	8	static
../Core/Src/nrf24.c:204:6:nRF24_SetRFChannel	0	static
../Core/Src/nrf24.c:213:6:nRF24_SetAutoRetr	0	static
../Core/Src/nrf24.c:222:6:nRF24_SetAddrWidth	0	static
../Core/Src/nrf24.c:236:6:nRF24_SetAddr	24	static
../Core/Src/nrf24.c:271:6:nRF24_SetTXPower	8	static
../Core/Src/nrf24.c:284:6:nRF24_SetDataRate	8	static
../Core/Src/nrf24.c:299:6:nRF24_SetRXPipe	32	static
../Core/Src/nrf24.c:319:6:nRF24_SetTXAddr	16	static
../Core/Src/nrf24.c:339:6:nRF24_ClosePipe	8	static
../Core/Src/nrf24.c:351:6:nRF24_EnableAA	8	static
../Core/Src/nrf24.c:363:6:nRF24_DisableAA	8	static
../Core/Src/nrf24.c:379:9:nRF24_GetStatus	0	static
../Core/Src/nrf24.c:385:9:nRF24_GetIRQFlags	8	static
../Core/Src/nrf24.c:391:9:nRF24_GetStatus_RXFIFO	8	static
../Core/Src/nrf24.c:398:9:nRF24_GetStatus_TXFIFO	8	static
../Core/Src/nrf24.c:404:9:nRF24_GetRXSource	8	static
../Core/Src/nrf24.c:412:9:nRF24_GetRetransmitCounters	0	static
../Core/Src/nrf24.c:417:6:nRF24_ResetPLOS	8	static
../Core/Src/nrf24.c:426:6:nRF24_FlushTX	0	static
../Core/Src/nrf24.c:431:6:nRF24_FlushRX	0	static
../Core/Src/nrf24.c:436:6:nRF24_ClearIRQFlags	8	static
../Core/Src/nrf24.c:73:6:nRF24_Init	8	static
../Core/Src/nrf24.c:449:6:nRF24_WritePayload	16	static
../Core/Src/nrf24.c:505:16:nRF24_ReadPayload	16	static
../Core/Src/nrf24.c:509:16:nRF24_ReadPayloadDpl	24	static
../Core/Src/nrf24.c:513:9:nRF24_GetFeatures	0	static
../Core/Src/nrf24.c:516:6:nRF24_ActivateFeatures	8	static
../Core/Src/nrf24.c:522:6:nRF24_WriteAckPayload	16	static
