Archive member included to satisfy reference by file (symbol)

D:/STM32 CUBE IDE/STM32CubeIDE_1.17.0/STM32CubeIDE/plugins/com.st.stm32cube.ide.mcu.externaltools.gnu-tools-for-stm32.12.3.rel1.win32_1.1.0.202410251130/tools/bin/../lib/gcc/arm-none-eabi/12.3.1/../../../../arm-none-eabi/lib/thumb/v7e-m+fp/hard\libc_nano.a(libc_a-exit.o)
                              D:/STM32 CUBE IDE/STM32CubeIDE_1.17.0/STM32CubeIDE/plugins/com.st.stm32cube.ide.mcu.externaltools.gnu-tools-for-stm32.12.3.rel1.win32_1.1.0.202410251130/tools/bin/../lib/gcc/arm-none-eabi/12.3.1/../../../../arm-none-eabi/lib/thumb/v7e-m+fp/hard/crt0.o (exit)
D:/STM32 CUBE IDE/STM32CubeIDE_1.17.0/STM32CubeIDE/plugins/com.st.stm32cube.ide.mcu.externaltools.gnu-tools-for-stm32.12.3.rel1.win32_1.1.0.202410251130/tools/bin/../lib/gcc/arm-none-eabi/12.3.1/../../../../arm-none-eabi/lib/thumb/v7e-m+fp/hard\libc_nano.a(libc_a-findfp.o)
                              D:/STM32 CUBE IDE/STM32CubeIDE_1.17.0/STM32CubeIDE/plugins/com.st.stm32cube.ide.mcu.externaltools.gnu-tools-for-stm32.12.3.rel1.win32_1.1.0.202410251130/tools/bin/../lib/gcc/arm-none-eabi/12.3.1/../../../../arm-none-eabi/lib/thumb/v7e-m+fp/hard\libc_nano.a(libc_a-exit.o) (__stdio_exit_handler)
D:/STM32 CUBE IDE/STM32CubeIDE_1.17.0/STM32CubeIDE/plugins/com.st.stm32cube.ide.mcu.externaltools.gnu-tools-for-stm32.12.3.rel1.win32_1.1.0.202410251130/tools/bin/../lib/gcc/arm-none-eabi/12.3.1/../../../../arm-none-eabi/lib/thumb/v7e-m+fp/hard\libc_nano.a(libc_a-fwalk.o)
                              D:/STM32 CUBE IDE/STM32CubeIDE_1.17.0/STM32CubeIDE/plugins/com.st.stm32cube.ide.mcu.externaltools.gnu-tools-for-stm32.12.3.rel1.win32_1.1.0.202410251130/tools/bin/../lib/gcc/arm-none-eabi/12.3.1/../../../../arm-none-eabi/lib/thumb/v7e-m+fp/hard\libc_nano.a(libc_a-findfp.o) (_fwalk_sglue)
D:/STM32 CUBE IDE/STM32CubeIDE_1.17.0/STM32CubeIDE/plugins/com.st.stm32cube.ide.mcu.externaltools.gnu-tools-for-stm32.12.3.rel1.win32_1.1.0.202410251130/tools/bin/../lib/gcc/arm-none-eabi/12.3.1/../../../../arm-none-eabi/lib/thumb/v7e-m+fp/hard\libc_nano.a(libc_a-stdio.o)
                              D:/STM32 CUBE IDE/STM32CubeIDE_1.17.0/STM32CubeIDE/plugins/com.st.stm32cube.ide.mcu.externaltools.gnu-tools-for-stm32.12.3.rel1.win32_1.1.0.202410251130/tools/bin/../lib/gcc/arm-none-eabi/12.3.1/../../../../arm-none-eabi/lib/thumb/v7e-m+fp/hard\libc_nano.a(libc_a-findfp.o) (__sread)
D:/STM32 CUBE IDE/STM32CubeIDE_1.17.0/STM32CubeIDE/plugins/com.st.stm32cube.ide.mcu.externaltools.gnu-tools-for-stm32.12.3.rel1.win32_1.1.0.202410251130/tools/bin/../lib/gcc/arm-none-eabi/12.3.1/../../../../arm-none-eabi/lib/thumb/v7e-m+fp/hard\libc_nano.a(libc_a-memset.o)
                              D:/STM32 CUBE IDE/STM32CubeIDE_1.17.0/STM32CubeIDE/plugins/com.st.stm32cube.ide.mcu.externaltools.gnu-tools-for-stm32.12.3.rel1.win32_1.1.0.202410251130/tools/bin/../lib/gcc/arm-none-eabi/12.3.1/../../../../arm-none-eabi/lib/thumb/v7e-m+fp/hard/crt0.o (memset)
D:/STM32 CUBE IDE/STM32CubeIDE_1.17.0/STM32CubeIDE/plugins/com.st.stm32cube.ide.mcu.externaltools.gnu-tools-for-stm32.12.3.rel1.win32_1.1.0.202410251130/tools/bin/../lib/gcc/arm-none-eabi/12.3.1/../../../../arm-none-eabi/lib/thumb/v7e-m+fp/hard\libc_nano.a(libc_a-closer.o)
                              D:/STM32 CUBE IDE/STM32CubeIDE_1.17.0/STM32CubeIDE/plugins/com.st.stm32cube.ide.mcu.externaltools.gnu-tools-for-stm32.12.3.rel1.win32_1.1.0.202410251130/tools/bin/../lib/gcc/arm-none-eabi/12.3.1/../../../../arm-none-eabi/lib/thumb/v7e-m+fp/hard\libc_nano.a(libc_a-stdio.o) (_close_r)
D:/STM32 CUBE IDE/STM32CubeIDE_1.17.0/STM32CubeIDE/plugins/com.st.stm32cube.ide.mcu.externaltools.gnu-tools-for-stm32.12.3.rel1.win32_1.1.0.202410251130/tools/bin/../lib/gcc/arm-none-eabi/12.3.1/../../../../arm-none-eabi/lib/thumb/v7e-m+fp/hard\libc_nano.a(libc_a-reent.o)
                              D:/STM32 CUBE IDE/STM32CubeIDE_1.17.0/STM32CubeIDE/plugins/com.st.stm32cube.ide.mcu.externaltools.gnu-tools-for-stm32.12.3.rel1.win32_1.1.0.202410251130/tools/bin/../lib/gcc/arm-none-eabi/12.3.1/../../../../arm-none-eabi/lib/thumb/v7e-m+fp/hard\libc_nano.a(libc_a-closer.o) (errno)
D:/STM32 CUBE IDE/STM32CubeIDE_1.17.0/STM32CubeIDE/plugins/com.st.stm32cube.ide.mcu.externaltools.gnu-tools-for-stm32.12.3.rel1.win32_1.1.0.202410251130/tools/bin/../lib/gcc/arm-none-eabi/12.3.1/../../../../arm-none-eabi/lib/thumb/v7e-m+fp/hard\libc_nano.a(libc_a-impure.o)
                              D:/STM32 CUBE IDE/STM32CubeIDE_1.17.0/STM32CubeIDE/plugins/com.st.stm32cube.ide.mcu.externaltools.gnu-tools-for-stm32.12.3.rel1.win32_1.1.0.202410251130/tools/bin/../lib/gcc/arm-none-eabi/12.3.1/../../../../arm-none-eabi/lib/thumb/v7e-m+fp/hard\libc_nano.a(libc_a-reent.o) (_impure_ptr)
[...]
Memory Configuration

Name             Origin             Length             Attributes
RAM              0x20000000         0x00018000         xrw
RAM2             0x10000000         0x00008000         xrw
FLASH            0x08000000         0x00100000         xr
*default*        0x00000000         0xffffffff

Linker script and memory map

LOAD D:/STM32 CUBE IDE/STM32CubeIDE_1.17.0/STM32CubeIDE/plugins/com.st.stm32cube.ide.mcu.externaltools.gnu-tools-for-stm32.12.3.rel1.win32_1.1.0.202410251130/tools/bin/../lib/gcc/arm-none-eabi/12.3.1/thumb/v7e-m+fp/hard/crti.o
LOAD D:/STM32 CUBE IDE/STM32CubeIDE_1.17.0/STM32CubeIDE/plugins/com.st.stm32cube.ide.mcu.externaltools.gnu-tools-for-stm32.12.3.rel1.win32_1.1.0.202410251130/tools/bin/../lib/gcc/arm-none-eabi/12.3.1/thumb/v7e-m+fp/hard/crtbegin.o
LOAD D:/STM32 CUBE IDE/STM32CubeIDE_1.17.0/STM32CubeIDE/plugins/com.st.stm32cube.ide.mcu.externaltools.gnu-tools-for-stm32.12.3.rel1.win32_1.1.0.202410251130/tools/bin/../lib/gcc/arm-none-eabi/12.3.1/../../../../arm-none-eabi/lib/thumb/v7e-m+fp/hard/crt0.o
LOAD ./Core/Src/main.o
LOAD ./Core/Src/nrf24.o
LOAD ./Core/Src/stm32l4xx_hal_msp.o
LOAD ./Core/Src/stm32l4xx_it.o
LOAD ./Core/Src/syscalls.o
LOAD ./Core/Src/sysmem.o
LOAD ./Core/Src/system_stm32l4xx.o
LOAD ./Core/Startup/startup_stm32l476vgtx.o
LOAD ./Drivers/STM32L4xx_HAL_Driver/Src/stm32l4xx_hal.o
LOAD ./Drivers/STM32L4xx_HAL_Driver/Src/stm32l4xx_hal_cortex.o
LOAD ./Drivers/STM32L4xx_HAL_Driver/Src/stm32l4xx_hal_dma.o
LOAD ./Drivers/STM32L4xx_HAL_Driver/Src/stm32l4xx_hal_dma_ex.o
LOAD ./Drivers/STM32L4xx_HAL_Driver/Src/stm32l4xx_hal_exti.o
LOAD ./Drivers/STM32L4xx_HAL_Driver/Src/stm32l4xx_hal_flash.o
LOAD ./Drivers/STM32L4xx_HAL_Driver/Src/stm32l4xx_hal_flash_ex.o
LOAD ./Drivers/STM32L4xx_HAL_Driver/Src/stm32l4xx_hal_flash_ramfunc.o
LOAD ./Drivers/STM32L4xx_HAL_Driver/Src/stm32l4xx_hal_gpio.o
LOAD ./Drivers/STM32L4xx_HAL_Driver/Src/stm32l4xx_hal_i2c.o
LOAD ./Drivers/STM32L4xx_HAL_Driver/Src/stm32l4xx_hal_i2c_ex.o
LOAD ./Drivers/STM32L4xx_HAL_Driver/Src/stm32l4xx_hal_pwr.o
LOAD ./Drivers/STM32L4xx_HAL_Driver/Src/stm32l4xx_hal_pwr_ex.o
LOAD ./Drivers/STM32L4xx_HAL_Driver/Src/stm32l4xx_hal_rcc.o
LOAD ./Drivers/STM32L4xx_HAL_Driver/Src/stm32l4xx_hal_rcc_ex.o
LOAD ./Drivers/STM32L4xx_HAL_Driver/Src/stm32l4xx_hal_spi.o
LOAD ./Drivers/STM32L4xx_HAL_Driver/Src/stm32l4xx_hal_spi_ex.o
START GROUP
LOAD D:/STM32 CUBE IDE/STM32CubeIDE_1.17.0/STM32CubeIDE/plugins/com.st.stm32cube.ide.mcu.externaltools.gnu-tools-for-stm32.12.3.rel1.win32_1.1.0.202410251130/tools/bin/../lib/gcc/arm-none-eabi/12.3.1/../../../../arm-none-eabi/lib/thumb/v7e-m+fp/hard\libc_nano.a
LOAD D:/STM32 CUBE IDE/STM32CubeIDE_1.17.0/STM32CubeIDE/plugins/com.st.stm32cube.ide.mcu.externaltools.gnu-tools-for-stm32.12.3.rel1.win32_1.1.0.202410251130/tools/bin/../lib/gcc/arm-none-eabi/12.3.1/../../../../arm-none-eabi/lib/thumb/v7e-m+fp/hard\libm.a
END GROUP
START GROUP
LOAD D:/STM32 CUBE IDE/STM32CubeIDE_1.17.0/STM32CubeIDE/plugins/com.st.stm32cube.ide.mcu.externaltools.gnu-tools-for-stm32.12.3.rel1.win32_1.1.0.202410251130/tools/bin/../lib/gcc/arm-none-eabi/12.3.1/thumb/v7e-m+fp/hard\libgcc.a
LOAD D:/STM32 CUBE IDE/STM32CubeIDE_1.17.0/STM32CubeIDE/plugins/com.st.stm32cube.ide.mcu.externaltools.gnu-tools-for-stm32.12.3.rel1.win32_1.1.0.202410251130/tools/bin/../lib/gcc/arm-none-eabi/12.3.1/../../../../arm-none-eabi/lib/thumb/v7e-m+fp/hard\libc_nano.a
END GROUP
START GROUP
LOAD D:/STM32 CUBE IDE/STM32CubeIDE_1.17.0/STM32CubeIDE/plugins/com.st.stm32cube.ide.mcu.externaltools.gnu-tools-for-stm32.12.3.rel1.win32_1.1.0.202410251130/tools/bin/../lib/gcc/arm-none-eabi/12.3.1/thumb/v7e-m+fp/hard\libgcc.a
LOAD D:/STM32 CUBE IDE/STM32CubeIDE_1.17.0/STM32CubeIDE/plugins/com.st.stm32cube.ide.mcu.externaltools.gnu-tools-for-stm32.12.3.rel1.win32_1.1.0.202410251130/tools/bin/../lib/gcc/arm-none-eabi/12.3.1/../../../../arm-none-eabi/lib/thumb/v7e-m+fp/hard\libc_nano.a
LOAD D:/STM32 CUBE IDE/STM32CubeIDE_1.17.0/STM32CubeIDE/plugins/com.st.stm32cube.ide.mcu.externaltools.gnu-tools-for-stm32.12.3.rel1.win32_1.1.0.202410251130/tools/bin/../lib/gcc/arm-none-eabi/12.3.1/../../../../arm-none-eabi/lib/thumb/v7e-m+fp/hard\libnosys.a
END GROUP
START GROUP
LOAD D:/STM32 CUBE IDE/STM32CubeIDE_1.17.0/STM32CubeIDE/plugins/com.st.stm32cube.ide.mcu.externaltools.gnu-tools-for-stm32.12.3.rel1.win32_1.1.0.202410251130/tools/bin/../lib/gcc/arm-none-eabi/12.3.1/thumb/v7e-m+fp/hard\libgcc.a
LOAD D:/STM32 CUBE IDE/STM32CubeIDE_1.17.0/STM32CubeIDE/plugins/com.st.stm32cube.ide.mcu.externaltools.gnu-tools-for-stm32.12.3.rel1.win32_1.1.0.202410251130/tools/bin/../lib/gcc/arm-none-eabi/12.3.1/../../../../arm-none-eabi/lib/thumb/v7e-m+fp/hard\libc_nano.a
LOAD D:/STM32 CUBE IDE/STM32CubeIDE_1.17.0/STM32CubeIDE/plugins/com.st.stm32cube.ide.mcu.externaltools.gnu-tools-for-stm32.12.3.rel1.win32_1.1.0.202410251130/tools/bin/../lib/gcc/arm-none-eabi/12.3.1/../../../../arm-none-eabi/lib/thumb/v7e-m+fp/hard\libnosys.a
END GROUP
LOAD D:/STM32 CUBE IDE/STM32CubeIDE_1.17.0/STM32CubeIDE/plugins/com.st.stm32cube.ide.mcu.externaltools.gnu-tools-for-stm32.12.3.rel1.win32_1.1.0.202410251130/tools/bin/../lib/gcc/arm-none-eabi/12.3.1/thumb/v7e-m+fp/hard/crtend.o
LOAD D:/STM32 CUBE IDE/STM32CubeIDE_1.17.0/STM32CubeIDE/plugins/com.st.stm32cube.ide.mcu.externaltools.gnu-tools-for-stm32.12.3.rel1.win32_1.1.0.202410251130/tools/bin/../lib/gcc/arm-none-eabi/12.3.1/thumb/v7e-m+fp/hard/crtn.o
                0x20018000                        _estack = (ORIGIN (RAM) + LENGTH (RAM))
                0x00000200                        _Min_Heap_Size = 0x200
                0x00000400                        _Min_Stack_Size = 0x400

.isr_vector     0x08000000      0x188
                0x08000000                        . = ALIGN (0x4)
 *(.isr_vector)
 .isr_vector    0x08000000      0x188 ./Core/Startup/startup_stm32l476vgtx.o
                0x08000000                g_pfnVectors
                0x08000188                        . = ALIGN (0x4)

.text           0x08000188     0x17bc
                0x08000188                        . = ALIGN (0x4)
 *(.text)
 .text          0x08000188       0x40 D:/STM32 CUBE IDE/STM32CubeIDE_1.17.0/STM32CubeIDE/plugins/com.st.stm32cube.ide.mcu.externaltools.gnu-tools-for-stm32.12.3.rel1.win32_1.1.0.202410251130/tools/bin/../lib/gcc/arm-none-eabi/12.3.1/thumb/v7e-m+fp/hard/crtbegin.o
 *(.text*)
 .text.SystemClock_Config
                0x080001c8       0x76 ./Core/Src/main.o
                0x080001c8                SystemClock_Config
 .text.nRF24_set_up
                0x0800023e       0x96 ./Core/Src/main.o
                0x0800023e                nRF24_set_up
 .text.nRF24_Switch_to_TX_mode
                0x080002d4       0x30 ./Core/Src/main.o
                0x080002d4                nRF24_Switch_to_TX_mode
 .text.nRF24_start_sending
                0x08000304       0x1e ./Core/Src/main.o
                0x08000304                nRF24_start_sending
 *fill*         0x08000322        0x2 
 .text.startup.main
                0x08000324      0x1b8 ./Core/Src/main.o
                0x08000324                main
 .text.Error_Handler
                0x080004dc        0x4 ./Core/Src/main.o
                0x080004dc                Error_Handler
 .text.nRF24_CSN_L
                0x080004e0       0x10 ./Core/Src/nrf24.o
 .text.nRF24_CSN_H
                0x080004f0       0x10 ./Core/Src/nrf24.o
 .text.nRF24_LL_RW
                0x08000500       0x30 ./Core/Src/nrf24.o
 .text.nRF24_WriteReg
                0x08000530       0x3a ./Core/Src/nrf24.o
 .text.nRF24_ReadReg
                0x0800056a       0x20 ./Core/Src/nrf24.o
 .text.nRF24_SetPowerMode
                0x0800058a       0x24 ./Core/Src/nrf24.o
                0x0800058a                nRF24_SetPowerMode
 .text.nRF24_SetOperationalMode
                0x080005ae       0x1e ./Core/Src/nrf24.o
                0x080005ae                nRF24_SetOperationalMode
 .text.nRF24_SetCRCScheme
                0x080005cc       0x1e ./Core/Src/nrf24.o
                0x080005cc                nRF24_SetCRCScheme
 .text.nRF24_SetRFChannel
                0x080005ea        0x8 ./Core/Src/nrf24.o
                0x080005ea                nRF24_SetRFChannel
 .text.nRF24_SetAutoRetr
                0x080005f2       0x10 ./Core/Src/nrf24.o
                0x080005f2                nRF24_SetAutoRetr
 .text.nRF24_SetAddrWidth
                0x08000602        0xa ./Core/Src/nrf24.o
                0x08000602                nRF24_SetAddrWidth
 .text.nRF24_SetAddr
                0x0800060c       0x5c ./Core/Src/nrf24.o
                0x0800060c                nRF24_SetAddr
 .text.nRF24_SetTXPower
                0x08000668       0x1a ./Core/Src/nrf24.o
                0x08000668                nRF24_SetTXPower
 .text.nRF24_SetDataRate
                0x08000682       0x1a ./Core/Src/nrf24.o
                0x08000682                nRF24_SetDataRate
 .text.nRF24_SetRXPipe
                0x0800069c       0x58 ./Core/Src/nrf24.o
                0x0800069c                nRF24_SetRXPipe
 .text.nRF24_SetTXAddr
                0x080006f4       0x30 ./Core/Src/nrf24.o
                0x080006f4                nRF24_SetTXAddr
 .text.nRF24_EnableAA
                0x08000724       0x1e ./Core/Src/nrf24.o
                0x08000724                nRF24_EnableAA
 .text.nRF24_DisableAA
                0x08000742       0x2a ./Core/Src/nrf24.o
                0x08000742                nRF24_DisableAA
 .text.nRF24_FlushTX
                0x0800076c        0x8 ./Core/Src/nrf24.o
                0x0800076c                nRF24_FlushTX
 .text.nRF24_ClearIRQFlags
                0x08000774       0x18 ./Core/Src/nrf24.o
                0x08000774                nRF24_ClearIRQFlags
 .text.nRF24_WritePayload
                0x0800078c       0x28 ./Core/Src/nrf24.o
                0x0800078c                nRF24_WritePayload
 .text.HAL_MspInit
                0x080007b4       0x30 ./Core/Src/stm32l4xx_hal_msp.o
                0x080007b4                HAL_MspInit
 .text.HAL_SPI_MspInit
                0x080007e4       0x68 ./Core/Src/stm32l4xx_hal_msp.o
                0x080007e4                HAL_SPI_MspInit
 .text.NMI_Handler
                0x0800084c        0x2 ./Core/Src/stm32l4xx_it.o
                0x0800084c                NMI_Handler
 .text.HardFault_Handler
                0x0800084e        0x2 ./Core/Src/stm32l4xx_it.o
                0x0800084e                HardFault_Handler
 .text.MemManage_Handler
                0x08000850        0x2 ./Core/Src/stm32l4xx_it.o
                0x08000850                MemManage_Handler
 .text.BusFault_Handler
                0x08000852        0x2 ./Core/Src/stm32l4xx_it.o
                0x08000852                BusFault_Handler
 .text.UsageFault_Handler
                0x08000854        0x2 ./Core/Src/stm32l4xx_it.o
                0x08000854                UsageFault_Handler
 .text.SVC_Handler
                0x08000856        0x2 ./Core/Src/stm32l4xx_it.o
                0x08000856                SVC_Handler
 .text.DebugMon_Handler
                0x08000858        0x2 ./Core/Src/stm32l4xx_it.o
                0x08000858                DebugMon_Handler
 .text.PendSV_Handler
                0x0800085a        0x2 ./Core/Src/stm32l4xx_it.o
                0x0800085a                PendSV_Handler
 .text.SysTick_Handler
                0x0800085c        0x4 ./Core/Src/stm32l4xx_it.o
                0x0800085c                SysTick_Handler
 .text.SystemInit
                0x08000860       0x14 ./Core/Src/system_stm32l4xx.o
                0x08000860                SystemInit
 .text.Reset_Handler
                0x08000874       0x50 ./Core/Startup/startup_stm32l476vgtx.o
                0x08000874                Reset_Handler
 .text.Default_Handler
                0x080008c4        0x2 ./Core/Startup/startup_stm32l476vgtx.o
                0x080008c4                RTC_Alarm_IRQHandler
                0x080008c4                EXTI2_IRQHandler
                0x080008c4                TIM8_TRG_COM_IRQHandler
                0x080008c4                TIM8_CC_IRQHandler
                0x080008c4                TIM1_CC_IRQHandler
                0x080008c4                TSC_IRQHandler
                0x080008c4                TAMP_STAMP_IRQHandler
                0x080008c4                EXTI3_IRQHandler
                0x080008c4                LPTIM2_IRQHandler
                0x080008c4                DFSDM1_FLT1_IRQHandler
                0x080008c4                I2C3_ER_IRQHandler
                0x080008c4                DFSDM1_FLT2_IRQHandler
                0x080008c4                EXTI0_IRQHandler
                0x080008c4                I2C2_EV_IRQHandler
                0x080008c4                CAN1_RX0_IRQHandler
                0x080008c4                FPU_IRQHandler
                0x080008c4                TIM1_UP_TIM16_IRQHandler
                0x080008c4                ADC1_2_IRQHandler
                0x080008c4                SPI1_IRQHandler
                0x080008c4                TIM6_DAC_IRQHandler
                0x080008c4                TIM8_UP_IRQHandler
                0x080008c4                DMA2_Channel2_IRQHandler
                0x080008c4                DMA1_Channel4_IRQHandler
                0x080008c4                SAI2_IRQHandler
                0x080008c4                DFSDM1_FLT3_IRQHandler
                0x080008c4                USART3_IRQHandler
                0x080008c4                DMA1_Channel7_IRQHandler
                0x080008c4                CAN1_RX1_IRQHandler
                0x080008c4                LCD_IRQHandler
                0x080008c4                UART5_IRQHandler
                0x080008c4                ADC3_IRQHandler
                0x080008c4                TIM4_IRQHandler
                0x080008c4                DMA2_Channel1_IRQHandler
                0x080008c4                QUADSPI_IRQHandler
                0x080008c4                I2C1_EV_IRQHandler
                0x080008c4                DMA1_Channel6_IRQHandler
                0x080008c4                UART4_IRQHandler
                0x080008c4                DMA2_Channel4_IRQHandler
                0x080008c4                TIM3_IRQHandler
                0x080008c4                RCC_IRQHandler
                0x080008c4                DMA1_Channel1_IRQHandler
                0x080008c4                Default_Handler
                0x080008c4                DMA2_Channel7_IRQHandler
                0x080008c4                EXTI15_10_IRQHandler
                0x080008c4                TIM7_IRQHandler
                0x080008c4                SDMMC1_IRQHandler
                0x080008c4                TIM5_IRQHandler
                0x080008c4                I2C3_EV_IRQHandler
                0x080008c4                EXTI9_5_IRQHandler
                0x080008c4                RTC_WKUP_IRQHandler
                0x080008c4                PVD_PVM_IRQHandler
                0x080008c4                SPI2_IRQHandler
                0x080008c4                CAN1_TX_IRQHandler
                0x080008c4                DMA2_Channel5_IRQHandler
                0x080008c4                DMA1_Channel5_IRQHandler
                0x080008c4                EXTI4_IRQHandler
                0x080008c4                RNG_IRQHandler
                0x080008c4                TIM1_TRG_COM_TIM17_IRQHandler
                0x080008c4                DMA1_Channel3_IRQHandler
                0x080008c4                COMP_IRQHandler
                0x080008c4                WWDG_IRQHandler
                0x080008c4                LPUART1_IRQHandler
                0x080008c4                DMA2_Channel6_IRQHandler
                0x080008c4                TIM2_IRQHandler
                0x080008c4                EXTI1_IRQHandler
                0x080008c4                USART2_IRQHandler
                0x080008c4                DFSDM1_FLT0_IRQHandler
                0x080008c4                I2C2_ER_IRQHandler
                0x080008c4                DMA1_Channel2_IRQHandler
                0x080008c4                TIM8_BRK_IRQHandler
                0x080008c4                CAN1_SCE_IRQHandler
                0x080008c4                FLASH_IRQHandler
                0x080008c4                USART1_IRQHandler
                0x080008c4                OTG_FS_IRQHandler
                0x080008c4                SPI3_IRQHandler
                0x080008c4                I2C1_ER_IRQHandler
                0x080008c4                FMC_IRQHandler
                0x080008c4                SWPMI1_IRQHandler
                0x080008c4                LPTIM1_IRQHandler
                0x080008c4                SAI1_IRQHandler
                0x080008c4                DMA2_Channel3_IRQHandler
                0x080008c4                TIM1_BRK_TIM15_IRQHandler
 *fill*         0x080008c6        0x2 
 .text.HAL_InitTick
                0x080008c8       0x4c ./Drivers/STM32L4xx_HAL_Driver/Src/stm32l4xx_hal.o
                0x080008c8                HAL_InitTick
 .text.HAL_Init
                0x08000914       0x2c ./Drivers/STM32L4xx_HAL_Driver/Src/stm32l4xx_hal.o
                0x08000914                HAL_Init
 .text.HAL_IncTick
                0x08000940       0x18 ./Drivers/STM32L4xx_HAL_Driver/Src/stm32l4xx_hal.o
                0x08000940                HAL_IncTick
 .text.HAL_GetTick
                0x08000958        0xc ./Drivers/STM32L4xx_HAL_Driver/Src/stm32l4xx_hal.o
                0x08000958                HAL_GetTick
 .text.HAL_Delay
                0x08000964       0x28 ./Drivers/STM32L4xx_HAL_Driver/Src/stm32l4xx_hal.o
                0x08000964                HAL_Delay
 .text.HAL_NVIC_SetPriorityGrouping
                0x0800098c       0x24 ./Drivers/STM32L4xx_HAL_Driver/Src/stm32l4xx_hal_cortex.o
                0x0800098c                HAL_NVIC_SetPriorityGrouping
 .text.HAL_NVIC_SetPriority
                0x080009b0       0x64 ./Drivers/STM32L4xx_HAL_Driver/Src/stm32l4xx_hal_cortex.o
                0x080009b0                HAL_NVIC_SetPriority
 .text.HAL_SYSTICK_Config
                0x08000a14       0x28 ./Drivers/STM32L4xx_HAL_Driver/Src/stm32l4xx_hal_cortex.o
                0x08000a14                HAL_SYSTICK_Config
 .text.HAL_GPIO_Init
                0x08000a3c      0x1b4 ./Drivers/STM32L4xx_HAL_Driver/Src/stm32l4xx_hal_gpio.o
                0x08000a3c                HAL_GPIO_Init
 .text.HAL_GPIO_WritePin
                0x08000bf0        0xa ./Drivers/STM32L4xx_HAL_Driver/Src/stm32l4xx_hal_gpio.o
                0x08000bf0                HAL_GPIO_WritePin
 *fill*         0x08000bfa        0x2 
 .text.HAL_PWREx_GetVoltageRange
                0x08000bfc       0x10 ./Drivers/STM32L4xx_HAL_Driver/Src/stm32l4xx_hal_pwr_ex.o
                0x08000bfc                HAL_PWREx_GetVoltageRange
 .text.HAL_PWREx_ControlVoltageScaling
                0x08000c0c       0x6c ./Drivers/STM32L4xx_HAL_Driver/Src/stm32l4xx_hal_pwr_ex.o
                0x08000c0c                HAL_PWREx_ControlVoltageScaling
 .text.RCC_SetFlashLatencyFromMSIRange
                0x08000c78       0x84 ./Drivers/STM32L4xx_HAL_Driver/Src/stm32l4xx_hal_rcc.o
 .text.HAL_RCC_GetSysClockFreq
                0x08000cfc       0x9c ./Drivers/STM32L4xx_HAL_Driver/Src/stm32l4xx_hal_rcc.o
                0x08000cfc                HAL_RCC_GetSysClockFreq
 .text.HAL_RCC_OscConfig
                0x08000d98      0x4fc ./Drivers/STM32L4xx_HAL_Driver/Src/stm32l4xx_hal_rcc.o
                0x08000d98                HAL_RCC_OscConfig
 .text.HAL_RCC_ClockConfig
                0x08001294      0x154 ./Drivers/STM32L4xx_HAL_Driver/Src/stm32l4xx_hal_rcc.o
                0x08001294                HAL_RCC_ClockConfig
 .text.SPI_WaitFlagStateUntilTimeout.constprop.0
                0x080013e8       0xa4 ./Drivers/STM32L4xx_HAL_Driver/Src/stm32l4xx_hal_spi.o
 .text.SPI_WaitFifoStateUntilTimeout.constprop.0
                0x0800148c       0xc8 ./Drivers/STM32L4xx_HAL_Driver/Src/stm32l4xx_hal_spi.o
 .text.SPI_EndRxTxTransaction
                0x08001554       0x44 ./Drivers/STM32L4xx_HAL_Driver/Src/stm32l4xx_hal_spi.o
 .text.HAL_SPI_Init
                0x08001598       0xd4 ./Drivers/STM32L4xx_HAL_Driver/Src/stm32l4xx_hal_spi.o
                0x08001598                HAL_SPI_Init
 .text.HAL_SPI_TransmitReceive
                0x0800166c      0x266 ./Drivers/STM32L4xx_HAL_Driver/Src/stm32l4xx_hal_spi.o
                0x0800166c                HAL_SPI_TransmitReceive
 .text.memset   0x080018d2       0x10 D:/STM32 CUBE IDE/STM32CubeIDE_1.17.0/STM32CubeIDE/plugins/com.st.stm32cube.ide.mcu.externaltools.gnu-tools-for-stm32.12.3.rel1.win32_1.1.0.202410251130/tools/bin/../lib/gcc/arm-none-eabi/12.3.1/../../../../arm-none-eabi/lib/thumb/v7e-m+fp/hard\libc_nano.a(libc_a-memset.o)
                0x080018d2                memset
 *fill*         0x080018e2        0x2 
 .text.__libc_init_array
                0x080018e4       0x48 D:/STM32 CUBE IDE/STM32CubeIDE_1.17.0/STM32CubeIDE/plugins/com.st.stm32cube.ide.mcu.externaltools.gnu-tools-for-stm32.12.3.rel1.win32_1.1.0.202410251130/tools/bin/../lib/gcc/arm-none-eabi/12.3.1/../../../../arm-none-eabi/lib/thumb/v7e-m+fp/hard\libc_nano.a(libc_a-init.o)
                0x080018e4                __libc_init_array
 *(.glue_7)
 .glue_7        0x0800192c        0x0 linker stubs
 *(.glue_7t)
 .glue_7t       0x0800192c        0x0 linker stubs
 *(.eh_frame)
 .eh_frame      0x0800192c        0x0 D:/STM32 CUBE IDE/STM32CubeIDE_1.17.0/STM32CubeIDE/plugins/com.st.stm32cube.ide.mcu.externaltools.gnu-tools-for-stm32.12.3.rel1.win32_1.1.0.202410251130/tools/bin/../lib/gcc/arm-none-eabi/12.3.1/thumb/v7e-m+fp/hard/crtbegin.o
 *(.init)
 .init          0x0800192c        0x4 D:/STM32 CUBE IDE/STM32CubeIDE_1.17.0/STM32CubeIDE/plugins/com.st.stm32cube.ide.mcu.externaltools.gnu-tools-for-stm32.12.3.rel1.win32_1.1.0.202410251130/tools/bin/../lib/gcc/arm-none-eabi/12.3.1/thumb/v7e-m+fp/hard/crti.o
                0x0800192c                _init
 .init          0x08001930        0x8 D:/STM32 CUBE IDE/STM32CubeIDE_1.17.0/STM32CubeIDE/plugins/com.st.stm32cube.ide.mcu.externaltools.gnu-tools-for-stm32.12.3.rel1.win32_1.1.0.202410251130/tools/bin/../lib/gcc/arm-none-eabi/12.3.1/thumb/v7e-m+fp/hard/crtn.o
 *(.fini)
 .fini          0x08001938        0x4 D:/STM32 CUBE IDE/STM32CubeIDE_1.17.0/STM32CubeIDE/plugins/com.st.stm32cube.ide.mcu.externaltools.gnu-tools-for-stm32.12.3.rel1.win32_1.1.0.202410251130/tools/bin/../lib/gcc/arm-none-eabi/12.3.1/thumb/v7e-m+fp/hard/crti.o
                0x08001938                _fini
 .fini          0x0800193c        0x8 D:/STM32 CUBE IDE/STM32CubeIDE_1.17.0/STM32CubeIDE/plugins/com.st.stm32cube.ide.mcu.externaltools.gnu-tools-for-stm32.12.3.rel1.win32_1.1.0.202410251130/tools/bin/../lib/gcc/arm-none-eabi/12.3.1/thumb/v7e-m+fp/hard/crtn.o
                0x08001944                        . = ALIGN (0x4)
                0x08001944                        _etext = .

.vfp11_veneer   0x08001944        0x0
 .vfp11_veneer  0x08001944        0x0 linker stubs

.v4_bx          0x08001944        0x0
 .v4_bx         0x08001944        0x0 linker stubs

.iplt           0x08001944        0x0
 .iplt          0x08001944        0x0 D:/STM32 CUBE IDE/STM32CubeIDE_1.17.0/STM32CubeIDE/plugins/com.st.stm32cube.ide.mcu.externaltools.gnu-tools-for-stm32.12.3.rel1.win32_1.1.0.202410251130/tools/bin/../lib/gcc/arm-none-eabi/12.3.1/thumb/v7e-m+fp/hard/crtbegin.o

.rodata         0x08001944       0x70
                0x08001944                        . = ALIGN (0x4)
 *(.rodata)
 .rodata        0x08001944        0xc ./Core/Src/main.o
 *(.rodata*)
 .rodata.main.str1.1
                0x08001950       0x17 ./Core/Src/main.o
 .rodata.nRF24_ADDR_REGS
                0x08001967        0x7 ./Core/Src/nrf24.o
 .rodata.nRF24_RX_PW_PIPE
                0x0800196e        0x6 ./Core/Src/nrf24.o
 .rodata.MSIRangeTable
                0x08001974       0x30 ./Core/Src/system_stm32l4xx.o
                0x08001974                MSIRangeTable
 .rodata.AHBPrescTable
                0x080019a4       0x10 ./Core/Src/system_stm32l4xx.o
                0x080019a4                AHBPrescTable
                0x080019b4                        . = ALIGN (0x4)

.ARM.extab      0x080019b4        0x0
                0x080019b4                        . = ALIGN (0x4)
 *(.ARM.extab* .gnu.linkonce.armextab.*)
                0x080019b4                        . = ALIGN (0x4)

.ARM            0x080019b4        0x0
                0x080019b4                        . = ALIGN (0x4)
                0x080019b4                        __exidx_start = .
 *(.ARM.exidx*)
                0x080019b4                        __exidx_end = .
                0x080019b4                        . = ALIGN (0x4)

.preinit_array  0x080019b4        0x0
                0x080019b4                        . = ALIGN (0x4)
                0x080019b4                        PROVIDE (__preinit_array_start = .)
 *(.preinit_array*)
                0x080019b4                        PROVIDE (__preinit_array_end = .)
                0x080019b4                        . = ALIGN (0x4)

.init_array     0x080019b4        0x4
                0x080019b4                        . = ALIGN (0x4)
                0x080019b4                        PROVIDE (__init_array_start = .)
 *(SORT_BY_NAME(.init_array.*))
 *(.init_array*)
 .init_array    0x080019b4        0x4 D:/STM32 CUBE IDE/STM32CubeIDE_1.17.0/STM32CubeIDE/plugins/com.st.stm32cube.ide.mcu.externaltools.gnu-tools-for-stm32.12.3.rel1.win32_1.1.0.202410251130/tools/bin/../lib/gcc/arm-none-eabi/12.3.1/thumb/v7e-m+fp/hard/crtbegin.o
                0x080019b8                        PROVIDE (__init_array_end = .)
                0x080019b8                        . = ALIGN (0x4)

.fini_array     0x080019b8        0x4
                0x080019b8                        . = ALIGN (0x4)
                [!provide]                        PROVIDE (__fini_array_start = .)
 *(SORT_BY_NAME(.fini_array.*))
 *(.fini_array*)
 .fini_array    0x080019b8        0x4 D:/STM32 CUBE IDE/STM32CubeIDE_1.17.0/STM32CubeIDE/plugins/com.st.stm32cube.ide.mcu.externaltools.gnu-tools-for-stm32.12.3.rel1.win32_1.1.0.202410251130/tools/bin/../lib/gcc/arm-none-eabi/12.3.1/thumb/v7e-m+fp/hard/crtbegin.o
                [!provide]                        PROVIDE (__fini_array_end = .)
                0x080019bc                        . = ALIGN (0x4)
                0x080019bc                        _sidata = LOADADDR (.data)

.rel.dyn        0x080019bc        0x0
 .rel.iplt      0x080019bc        0x0 D:/STM32 CUBE IDE/STM32CubeIDE_1.17.0/STM32CubeIDE/plugins/com.st.stm32cube.ide.mcu.externaltools.gnu-tools-for-stm32.12.3.rel1.win32_1.1.0.202410251130/tools/bin/../lib/gcc/arm-none-eabi/12.3.1/thumb/v7e-m+fp/hard/crtbegin.o

.data           0x20000000        0xc load address 0x080019bc
                0x20000000                        . = ALIGN (0x4)
                0x20000000                        _sdata = .
 *(.data)
 *(.data*)
 .data.SystemCoreClock
                0x20000000        0x4 ./Core/Src/system_stm32l4xx.o
                0x20000000                SystemCoreClock
 .data.uwTickFreq
                0x20000004        0x1 ./Drivers/STM32L4xx_HAL_Driver/Src/stm32l4xx_hal.o
                0x20000004                uwTickFreq
 *fill*         0x20000005        0x3 
 .data.uwTickPrio
                0x20000008        0x4 ./Drivers/STM32L4xx_HAL_Driver/Src/stm32l4xx_hal.o
                0x20000008                uwTickPrio
 *(.RamFunc)
 *(.RamFunc*)
                0x2000000c                        . = ALIGN (0x4)
                0x2000000c                        _edata = .

.igot.plt       0x2000000c        0x0 load address 0x080019c8
 .igot.plt      0x2000000c        0x0 D:/STM32 CUBE IDE/STM32CubeIDE_1.17.0/STM32CubeIDE/plugins/com.st.stm32cube.ide.mcu.externaltools.gnu-tools-for-stm32.12.3.rel1.win32_1.1.0.202410251130/tools/bin/../lib/gcc/arm-none-eabi/12.3.1/thumb/v7e-m+fp/hard/crtbegin.o
                0x2000000c                        . = ALIGN (0x4)

.bss            0x2000000c       0x84 load address 0x080019c8
                0x2000000c                        _sbss = .
                0x2000000c                        __bss_start__ = _sbss
 *(.bss)
 .bss           0x2000000c       0x1c D:/STM32 CUBE IDE/STM32CubeIDE_1.17.0/STM32CubeIDE/plugins/com.st.stm32cube.ide.mcu.externaltools.gnu-tools-for-stm32.12.3.rel1.win32_1.1.0.202410251130/tools/bin/../lib/gcc/arm-none-eabi/12.3.1/thumb/v7e-m+fp/hard/crtbegin.o
 *(.bss*)
 .bss.hspi1     0x20000028       0x64 ./Core/Src/main.o
                0x20000028                hspi1
 .bss.uwTick    0x2000008c        0x4 ./Drivers/STM32L4xx_HAL_Driver/Src/stm32l4xx_hal.o
                0x2000008c                uwTick
 *(COMMON)
                0x20000090                        . = ALIGN (0x4)
                0x20000090                        _ebss = .
                0x20000090                        __bss_end__ = _ebss

._user_heap_stack
                0x20000090      0x600 load address 0x080019c8
                0x20000090                        . = ALIGN (0x8)
                [!provide]                        PROVIDE (end = .)
                0x20000090                        PROVIDE (_end = .)
                0x20000290                        . = (. + _Min_Heap_Size)
 *fill*         0x20000090      0x200 
                0x20000690                        . = (. + _Min_Stack_Size)
 *fill*         0x20000290      0x400 
                0x20000690                        . = ALIGN (0x8)

/DISCARD/
 libc.a(*)
 libm.a(*)
 libgcc.a(*)

.ARM.attributes
                0x00000000       0x30
 *(.ARM.attributes)
 .ARM.attributes
                0x00000000       0x22 D:/STM32 CUBE IDE/STM32CubeIDE_1.17.0/STM32CubeIDE/plugins/com.st.stm32cube.ide.mcu.externaltools.gnu-tools-for-stm32.12.3.rel1.win32_1.1.0.202410251130/tools/bin/../lib/gcc/arm-none-eabi/12.3.1/thumb/v7e-m+fp/hard/crti.o
 .ARM.attributes
                0x00000022       0x34 D:/STM32 CUBE IDE/STM32CubeIDE_1.17.0/STM32CubeIDE/plugins/com.st.stm32cube.ide.mcu.externaltools.gnu-tools-for-stm32.12.3.rel1.win32_1.1.0.202410251130/tools/bin/../lib/gcc/arm-none-eabi/12.3.1/thumb/v7e-m+fp/hard/crtbegin.o
 .ARM.attributes
                0x00000056       0x34 ./Core/Src/main.o
 .ARM.attributes
                0x0000008a       0x34 ./Core/Src/nrf24.o
 .ARM.attributes
                0x000000be       0x34 ./Core/Src/stm32l4xx_hal_msp.o
 .ARM.attributes
                0x000000f2       0x34 ./Core/Src/stm32l4xx_it.o
 .ARM.attributes
                0x00000126       0x34 ./Core/Src/system_stm32l4xx.o
 .ARM.attributes
                0x0000015a       0x21 ./Core/Startup/startup_stm32l476vgtx.o
 .ARM.attributes
                0x0000017b       0x34 ./Drivers/STM32L4xx_HAL_Driver/Src/stm32l4xx_hal.o
 .ARM.attributes
                0x000001af       0x34 ./Drivers/STM32L4xx_HAL_Driver/Src/stm32l4xx_hal_cortex.o
 .ARM.attributes
                0x000001e3       0x34 ./Drivers/STM32L4xx_HAL_Driver/Src/stm32l4xx_hal_gpio.o
 .ARM.attributes
                0x00000217       0x34 ./Drivers/STM32L4xx_HAL_Driver/Src/stm32l4xx_hal_pwr_ex.o
 .ARM.attributes
                0x0000024b       0x34 ./Drivers/STM32L4xx_HAL_Driver/Src/stm32l4xx_hal_rcc.o
 .ARM.attributes
                0x0000027f       0x34 ./Drivers/STM32L4xx_HAL_Driver/Src/stm32l4xx_hal_spi.o
 .ARM.attributes
                0x000002b3       0x34 D:/STM32 CUBE IDE/STM32CubeIDE_1.17.0/STM32CubeIDE/plugins/com.st.stm32cube.ide.mcu.externaltools.gnu-tools-for-stm32.12.3.rel1.win32_1.1.0.202410251130/tools/bin/../lib/gcc/arm-none-eabi/12.3.1/../../../../arm-none-eabi/lib/thumb/v7e-m+fp/hard\libc_nano.a(libc_a-memset.o)
 .ARM.attributes
                0x000002e7       0x34 D:/STM32 CUBE IDE/STM32CubeIDE_1.17.0/STM32CubeIDE/plugins/com.st.stm32cube.ide.mcu.externaltools.gnu-tools-for-stm32.12.3.rel1.win32_1.1.0.202410251130/tools/bin/../lib/gcc/arm-none-eabi/12.3.1/../../../../arm-none-eabi/lib/thumb/v7e-m+fp/hard\libc_nano.a(libc_a-init.o)
 .ARM.attributes
                0x0000031b       0x22 D:/STM32 CUBE IDE/STM32CubeIDE_1.17.0/STM32CubeIDE/plugins/com.st.stm32cube.ide.mcu.externaltools.gnu-tools-for-stm32.12.3.rel1.win32_1.1.0.202410251130/tools/bin/../lib/gcc/arm-none-eabi/12.3.1/thumb/v7e-m+fp/hard/crtn.o
OUTPUT(SPI TEST.elf elf32-littlearm)
LOAD linker stubs
LOAD D:/STM32 CUBE IDE/STM32CubeIDE_1.17.0/STM32CubeIDE/plugins/com.st.stm32cube.ide.mcu.externaltools.gnu-tools-for-stm32.12.3.rel1.win32_1.1.0.202410251130/tools/bin/../lib/gcc/arm-none-eabi/12.3.1/../../../../arm-none-eabi/lib/thumb/v7e-m+fp/hard\libc.a
LOAD D:/STM32 CUBE IDE/STM32CubeIDE_1.17.0/STM32CubeIDE/plugins/com.st.stm32cube.ide.mcu.externaltools.gnu-tools-for-stm32.12.3.rel1.win32_1.1.0.202410251130/tools/bin/../lib/gcc/arm-none-eabi/12.3.1/../../../../arm-none-eabi/lib/thumb/v7e-m+fp/hard\libm.a
LOAD D:/STM32 CUBE IDE/STM32CubeIDE_1.17.0/STM32CubeIDE/plugins/com.st.stm32cube.ide.mcu.externaltools.gnu-tools-for-stm32.12.3.rel1.win32_1.1.0.202410251130/tools/bin/../lib/gcc/arm-none-eabi/12.3.1/thumb/v7e-m+fp/hard\libgcc.a

.comment        0x00000000       0x43
 .comment       0x00000000       0x43 ./Core/Src/main.o
                                 0x44 (size before relaxing)
 .comment       0x00000043       0x44 ./Core/Src/nrf24.o
 .comment       0x00000043       0x44 ./Core/Src/stm32l4xx_hal_msp.o
 .comment       0x00000043       0x44 ./Core/Src/stm32l4xx_it.o
 .comment       0x00000043       0x44 ./Core/Src/system_stm32l4xx.o
 .comment       0x00000043       0x44 ./Drivers/STM32L4xx_HAL_Driver/Src/stm32l4xx_hal.o
 .comment       0x00000043       0x44 ./Drivers/STM32L4xx_HAL_Driver/Src/stm32l4xx_hal_cortex.o
 .comment       0x00000043       0x44 ./Drivers/STM32L4xx_HAL_Driver/Src/stm32l4xx_hal_gpio.o
 .comment       0x00000043       0x44 ./Drivers/STM32L4xx_HAL_Driver/Src/stm32l4xx_hal_pwr_ex.o
 .comment       0x00000043       0x44 ./Drivers/STM32L4xx_HAL_Driver/Src/stm32l4xx_hal_rcc.o
 .comment       0x00000043       0x44 ./Drivers/STM32L4xx_HAL_Driver/Src/stm32l4xx_hal_spi.o

.debug_frame    0x00000000       0x4c
 .debug_frame   0x00000000       0x20 D:/STM32 CUBE IDE/STM32CubeIDE_1.17.0/STM32CubeIDE/plugins/com.st.stm32cube.ide.mcu.externaltools.gnu-tools-for-stm32.12.3.rel1.win32_1.1.0.202410251130/tools/bin/../lib/gcc/arm-none-eabi/12.3.1/../../../../arm-none-eabi/lib/thumb/v7e-m+fp/hard\libc_nano.a(libc_a-memset.o)
 .debug_frame   0x00000020       0x2c D:/STM32 CUBE IDE/STM32CubeIDE_1.17.0/STM32CubeIDE/plugins/com.st.stm32cube.ide.mcu.externaltools.gnu-tools-for-stm32.12.3.rel1.win32_1.1.0.202410251130/tools/bin/../lib/gcc/arm-none-eabi/12.3.1/../../../../arm-none-eabi/lib/thumb/v7e-m+fp/hard\libc_nano.a(libc_a-init.o)
