../Core/Inc/support.h:23:20:nRF24_CE_L	1
../Core/Inc/support.h:27:20:nRF24_CE_H	1
../Core/Inc/support.h:31:20:nRF24_CSN_L	1
../Core/Inc/support.h:35:20:nRF24_CSN_H	1
../Core/Src/main.c:68:5:main	3
../Core/Src/main.c:169:6:SystemClock_Config	4
../Core/Src/main.c:220:13:MX_SPI1_Init	2
../Core/Src/main.c:260:13:MX_GPIO_Init	1
../Core/Src/main.c:284:6:nRF24_set_up	1
../Core/Src/main.c:329:6:nRF24_Switch_to_RX_mode	1
../Core/Src/main.c:339:17:RECEIVED_DATA	2
../Core/Src/main.c:348:6:nRF24_Switch_to_TX_mode	1
../Core/Src/main.c:357:6:nRF24_start_sending	1
../Core/Src/main.c:371:6:Error_Handler	1
