../Core/Inc/support.h:27:20:nRF24_CE_H	8	static
../Core/Inc/support.h:31:20:nRF24_CSN_L	8	static
../Core/Inc/support.h:35:20:nRF24_CSN_H	8	static
../Core/Src/main.c:68:5:main	128	static
../Core/Src/main.c:171:6:SystemClock_Config	88	static
../Core/Src/main.c:213:13:MX_SPI1_Init	8	static
../Core/Src/main.c:251:13:MX_GPIO_Init	40	static
../Core/Src/main.c:289:6:nRF24_set_up	24	static
../Core/Src/main.c:334:6:nRF24_Switch_to_RX_mode	8	static
../Core/Src/main.c:344:17:RECEIVED_DATA	16	static
../Core/Src/main.c:353:6:nRF24_Switch_to_TX_mode	8	static
../Core/Src/main.c:361:6:nRF24_start_sending	16	static
../Core/Src/main.c:376:6:Error_Handler	4	static,ignoring_inline_asm
