../Core/Inc/support.h:27:20:nRF24_CE_H	1
../Core/Inc/support.h:31:20:nRF24_CSN_L	1
../Core/Inc/support.h:35:20:nRF24_CSN_H	1
../Core/Src/main.c:74:5:main	2
../Core/Src/main.c:196:6:SystemClock_Config	3
../Core/Src/main.c:237:13:MX_SPI1_Init	2
../Core/Src/main.c:275:13:MX_TIM1_Init	4
../Core/Src/main.c:321:13:MX_TIM2_Init	4
../Core/Src/main.c:366:13:MX_TIM5_Init	4
../Core/Src/main.c:412:13:MX_GPIO_Init	1
../Core/Src/main.c:453:6:HAL_TIM_PeriodElapsedCallback	2
../Core/Src/main.c:463:6:nRF24_set_up	1
../Core/Src/main.c:508:6:nRF24_Switch_to_RX_mode	1
../Core/Src/main.c:518:17:RECEIVED_DATA	2
../Core/Src/main.c:527:6:nRF24_Switch_to_TX_mode	1
../Core/Src/main.c:535:6:nRF24_start_sending	1
../Core/Src/main.c:550:6:Error_Handler	1
