../Core/Inc/support.h:31:20:nRF24_CSN_L	8	static
../Core/Inc/support.h:35:20:nRF24_CSN_H	8	static
../Core/Inc/support.h:40:23:nRF24_LL_RW	32	static
../Core/Src/nrf24.c:18:9:nRF24_ReadReg	24	static
../Core/Src/nrf24.c:33:6:nRF24_WriteReg	16	static
../Core/Src/nrf24.c:56:13:nRF24_ReadMBReg	24	static
../Core/Src/nrf24.c:70:13:nRF24_WriteMBReg	16	static
../Core/Src/nrf24.c:81:6:nRF24_Init	8	static
../Core/Src/nrf24.c:115:9:nRF24_Check	24	static
../Core/Src/nrf24.c:135:6:nRF24_SetPowerMode	24	static
../Core/Src/nrf24.c:154:6:nRF24_SetOperationalMode	24	static
../Core/Src/nrf24.c:167:6:nRF24_SetDynamicPayloadLength	24	static
../Core/Src/nrf24.c:182:6:nRF24_SetPayloadWithAck	24	static
../Core/Src/nrf24.c:197:6:nRF24_SetCRCScheme	24	static
../Core/Src/nrf24.c:212:6:nRF24_SetRFChannel	16	static
../Core/Src/nrf24.c:221:6:nRF24_SetAutoRetr	16	static
../Core/Src/nrf24.c:230:6:nRF24_SetAddrWidth	16	static
../Core/Src/nrf24.c:244:6:nRF24_SetAddr	24	static
../Core/Src/nrf24.c:279:6:nRF24_SetTXPower	24	static
../Core/Src/nrf24.c:292:6:nRF24_SetDataRate	24	static
../Core/Src/nrf24.c:307:6:nRF24_SetRXPipe	24	static
../Core/Src/nrf24.c:327:6:nRF24_SetTXAddr	24	static
../Core/Src/nrf24.c:347:6:nRF24_ClosePipe	24	static
../Core/Src/nrf24.c:359:6:nRF24_EnableAA	24	static
../Core/Src/nrf24.c:371:6:nRF24_DisableAA	24	static
../Core/Src/nrf24.c:387:9:nRF24_GetStatus	8	static
../Core/Src/nrf24.c:393:9:nRF24_GetIRQFlags	8	static
../Core/Src/nrf24.c:399:9:nRF24_GetStatus_RXFIFO	8	static
../Core/Src/nrf24.c:406:9:nRF24_GetStatus_TXFIFO	8	static
../Core/Src/nrf24.c:412:9:nRF24_GetRXSource	8	static
../Core/Src/nrf24.c:420:9:nRF24_GetRetransmitCounters	8	static
../Core/Src/nrf24.c:425:6:nRF24_ResetPLOS	16	static
../Core/Src/nrf24.c:434:6:nRF24_FlushTX	8	static
../Core/Src/nrf24.c:439:6:nRF24_FlushRX	8	static
../Core/Src/nrf24.c:444:6:nRF24_ClearIRQFlags	16	static
../Core/Src/nrf24.c:457:6:nRF24_WritePayload	16	static
../Core/Src/nrf24.c:461:16:nRF24_GetRxDplPayloadWidth	16	static
../Core/Src/nrf24.c:473:23:nRF24_ReadPayloadGeneric	32	static
../Core/Src/nrf24.c:513:16:nRF24_ReadPayload	16	static
../Core/Src/nrf24.c:517:16:nRF24_ReadPayloadDpl	16	static
../Core/Src/nrf24.c:521:9:nRF24_GetFeatures	8	static
../Core/Src/nrf24.c:524:6:nRF24_ActivateFeatures	8	static
../Core/Src/nrf24.c:530:6:nRF24_WriteAckPayload	16	static
