../Core/Inc/support.h:27:20:nRF24_CE_H	8	static
../Core/Inc/support.h:31:20:nRF24_CSN_L	8	static
../Core/Inc/support.h:35:20:nRF24_CSN_H	8	static
../Core/Src/NRF24_DRIVERS.c:12:6:nRF24_set_up	32	static
../Core/Src/NRF24_DRIVERS.c:66:6:nRF24_Switch_to_RX_mode	8	static
../Core/Src/NRF24_DRIVERS.c:73:17:RECEIVED_DATA	16	static
../Core/Src/NRF24_DRIVERS.c:82:6:nRF24_Switch_to_TX_mode	8	static
../Core/Src/NRF24_DRIVERS.c:90:6:nRF24_start_sending	16	static
../Core/Src/NRF24_DRIVERS.c:99:6:get_nrf24_reg_values	64	static
